// Jest Snapshot v1, https://goo.gl/fbAQLP

exports[`git-helper #version should version successfully 1`] = `
Array [
  Array [
    "git",
    Array [
      "config",
      "user.name",
      "\\"jdoe\\"",
    ],
  ],
  Array [
    "git",
    Array [
      "config",
      "user.email",
      "\\"john@doe.co\\"",
    ],
  ],
  Array [
    "yarn",
    Array [
      "version",
      "--minor",
    ],
  ],
  Array [
    "git",
    Array [
      "status",
      "-uno",
    ],
    Object {
      "listeners": Object {
        "stdout": [Function],
      },
    },
  ],
  Array [
    "git",
    Array [
      "push",
    ],
  ],
  Array [
    "git",
    Array [
      "push",
      "--tags",
    ],
  ],
  Array [
    "git",
    Array [
      "config",
      "user.name",
      "\\"jdoe\\"",
    ],
  ],
  Array [
    "git",
    Array [
      "config",
      "user.email",
      "\\"john@doe.co\\"",
    ],
  ],
  Array [
    "yarn",
    Array [
      "version",
      "--minor",
    ],
  ],
  Array [
    "git",
    Array [
      "status",
      "-uno",
    ],
    Object {
      "listeners": Object {
        "stdout": [Function],
      },
    },
  ],
  Array [
    "git",
    Array [
      "push",
    ],
  ],
  Array [
    "git",
    Array [
      "push",
      "--tags",
    ],
  ],
]
`;
