// Jest Snapshot v1, https://goo.gl/fbAQLP

exports[`git-helper #version should version successfully 1`] = `
Array [
  Array [
    "git",
    Array [
      "config",
      "user.name",
      "\\"boilerz-bot\\"",
    ],
  ],
  Array [
    "git",
    Array [
      "config",
      "user.email",
      "\\"77937117+boilerz-bot@users.noreply.github.com\\"",
    ],
  ],
  Array [
    "yarn",
    Array [
      "version",
      "--minor",
    ],
  ],
  Array [
    "git",
    Array [
      "push",
      "--force",
    ],
  ],
  Array [
    "git",
    Array [
      "push",
      "--tags",
    ],
  ],
  Array [
    "git",
    Array [
      "config",
      "user.name",
      "\\"jdoe\\"",
    ],
  ],
  Array [
    "git",
    Array [
      "config",
      "user.email",
      "\\"john@doe.co\\"",
    ],
  ],
  Array [
    "yarn",
    Array [
      "version",
      "--minor",
    ],
  ],
  Array [
    "git",
    Array [
      "push",
      "--force",
    ],
  ],
  Array [
    "git",
    Array [
      "push",
      "--tags",
    ],
  ],
]
`;
